// Jest Snapshot v1, https://goo.gl/fbAQLP

exports[`Snapshot test renders the correct ui 1`] = `
<header>
  <nav
    className="sc-AxjAm eLQCKu"
  >
    <ul
      className="sc-AxirZ dKUKhO"
    >
      <li
        className="sc-AxiKw kzAwcO"
      >
        <svg
          aria-hidden={true}
          className="MuiSvgIcon-root"
          focusable="false"
          viewBox="0 0 24 24"
        >
          <path
            d="M19 13h-6v6h-2v-6H5v-2h6V5h2v6h6v2z"
          />
        </svg>
        <a
          className="makeStyles-links-1"
          href="/new-project"
          onClick={[Function]}
        >
          Add project
        </a>
      </li>
      <img
        alt="work in progress logo"
        className="sc-AxhUy eijmgl"
        src="logo.svg"
      />
      <li
        className="sc-AxiKw kzAwcO"
        onClick={[Function]}
      >
        <svg
          aria-hidden={true}
          className="MuiSvgIcon-root"
          focusable="false"
          viewBox="0 0 24 24"
        >
          <path
            d="M10.09 15.59L11.5 17l5-5-5-5-1.41 1.41L12.67 11H3v2h9.67l-2.58 2.59zM19 3H5c-1.11 0-2 .9-2 2v4h2V5h14v14H5v-4H3v4c0 1.1.89 2 2 2h14c1.1 0 2-.9 2-2V5c0-1.1-.9-2-2-2z"
          />
        </svg>
        <a
          className="makeStyles-links-1"
          href="/"
          onClick={[Function]}
        >
          Sign Out
        </a>
      </li>
    </ul>
  </nav>
</header>
`;
