// Jest Snapshot v1, https://goo.gl/fbAQLP

exports[`Snapshot test renders the correct ui 1`] = `
<h1
  className="sc-fznKkj fbGqhE"
>
  Loading your profile...
</h1>
`;
